Александр@Alex MINGW64 /d/OpenServer3/OpenServer/domains/php3 (master)
$ git status
On branch master

Initial commit

nothing to commit (create/copy files and use "git add" to track)

Александр@Alex MINGW64 /d/OpenServer3/OpenServer/domains/php3 (master)
$ git remote
git2

Александр@Alex MINGW64 /d/OpenServer3/OpenServer/domains/php3 (master)
$ git fetch git2

remote: Counting objects: 3, done.
remote: Total 3 (delta 0), reused 0 (delta 0)
Unpacking objects: 100% (3/3), done.
From D:/OpenServer3/OpenServer/domains/git
 * [new branch]      master     -> git2/master

Александр@Alex MINGW64 /d/OpenServer3/OpenServer/domains/php3 (master)
$

Александр@Alex MINGW64 /d/OpenServer3/OpenServer/domains/php3 (master)
$ git checkout --track git2/master
Branch master set up to track remote branch master from git2.
Already on 'master'

Александр@Alex MINGW64 /d/OpenServer3/OpenServer/domains/php3 (master)
$ git pull
Already up-to-date.

Александр@Alex MINGW64 /d/OpenServer3/OpenServer/domains/php3 (master)
$ git status
On branch master
Your branch is up-to-date with 'git2/master'.
nothing to commit, working directory clean

Александр@Alex MINGW64 /d/OpenServer3/OpenServer/domains/php3 (master)
$ git push
warning: push.default is unset; its implicit value has changed in
Git 2.0 from 'matching' to 'simple'. To squelch this message
and maintain the traditional behavior, use:

  git config --global push.default matching

To squelch this message and adopt the new behavior now, use:

  git config --global push.default simple

When push.default is set to 'matching', git will push local branches
to the remote branches that already exist with the same name.

Since Git 2.0, Git defaults to the more conservative 'simple'
behavior, which only pushes the current branch to the corresponding
remote branch that 'git pull' uses to update the current branch.

See 'git help config' and search for 'push.default' for further information.
(the 'simple' mode was introduced in Git 1.7.11. Use the similar mode
'current' instead of 'simple' if you sometimes use older versions of Git)

Everything up-to-date
